[[1;34mINFO[m] Scanning for projects...
[[1;34mINFO[m] 
[[1;34mINFO[m] [1m------< [0;36mcom.example:handling-post-put-and-delete-with-fetch-api[0;1m >-------[m
[[1;34mINFO[m] [1mBuilding handling-post-put-and-delete-with-fetch-api 0.0.1-SNAPSHOT[m
[[1;34mINFO[m] [1m--------------------------------[ jar ]---------------------------------[m
[[1;34mINFO[m] 
[[1;34mINFO[m] [1m>>> [0;32mspring-boot-maven-plugin:3.3.5:run[m [1m(default-cli)[0;1m > [0;1mtest-compile[m @ [36mhandling-post-put-and-delete-with-fetch-api[0;1m >>>[m
[[1;34mINFO[m] 
[[1;34mINFO[m] [1m--- [0;32mmaven-resources-plugin:3.3.1:resources[m [1m(default-resources)[m @ [36mhandling-post-put-and-delete-with-fetch-api[0;1m ---[m
[[1;34mINFO[m] Copying 1 resource from src/main/resources to target/classes
[[1;34mINFO[m] Copying 0 resource from src/main/resources to target/classes
[[1;34mINFO[m] 
[[1;34mINFO[m] [1m--- [0;32mmaven-compiler-plugin:3.13.0:compile[m [1m(default-compile)[m @ [36mhandling-post-put-and-delete-with-fetch-api[0;1m ---[m
[[1;34mINFO[m] Nothing to compile - all classes are up to date.
[[1;34mINFO[m] 
[[1;34mINFO[m] [1m--- [0;32mmaven-resources-plugin:3.3.1:testResources[m [1m(default-testResources)[m @ [36mhandling-post-put-and-delete-with-fetch-api[0;1m ---[m
[[1;34mINFO[m] skip non existing resourceDirectory /home/coder/coursera/IdeaProjects/crud-operation-on-shopping-cart/src/test/resources
[[1;34mINFO[m] 
[[1;34mINFO[m] [1m--- [0;32mmaven-compiler-plugin:3.13.0:testCompile[m [1m(default-testCompile)[m @ [36mhandling-post-put-and-delete-with-fetch-api[0;1m ---[m
[[1;34mINFO[m] Nothing to compile - all classes are up to date.
[[1;34mINFO[m] 
[[1;34mINFO[m] [1m<<< [0;32mspring-boot-maven-plugin:3.3.5:run[m [1m(default-cli)[0;1m < [0;1mtest-compile[m @ [36mhandling-post-put-and-delete-with-fetch-api[0;1m <<<[m
[[1;34mINFO[m] 
[[1;34mINFO[m] 
[[1;34mINFO[m] [1m--- [0;32mspring-boot-maven-plugin:3.3.5:run[m [1m(default-cli)[m @ [36mhandling-post-put-and-delete-with-fetch-api[0;1m ---[m
[[1;34mINFO[m] Attaching agents: []

  .   ____          _            __ _ _
 /\\ / ___'_ __ _ _(_)_ __  __ _ \ \ \ \
( ( )\___ | '_ | '_| | '_ \/ _` | \ \ \ \
 \\/  ___)| |_)| | | | | || (_| |  ) ) ) )
  '  |____| .__|_| |_|_| |_\__, | / / / /
 =========|_|==============|___/=/_/_/_/

 :: Spring Boot ::                (v3.3.5)

2026-05-18T09:12:48.175Z  INFO 713 --- [crud-operation-on-shopping-cart] [  restartedMain] c.e.crud.shopping.cart.Application       : Starting Application using Java 21.0.4 with PID 713 (/home/coder/coursera/IdeaProjects/crud-operation-on-shopping-cart/target/classes started by coder in /home/coder/coursera/IdeaProjects/crud-operation-on-shopping-cart)
2026-05-18T09:12:48.177Z  INFO 713 --- [crud-operation-on-shopping-cart] [  restartedMain] c.e.crud.shopping.cart.Application       : No active profile set, falling back to 1 default profile: "default"
2026-05-18T09:12:48.360Z  INFO 713 --- [crud-operation-on-shopping-cart] [  restartedMain] .e.DevToolsPropertyDefaultsPostProcessor : Devtools property defaults active! Set 'spring.devtools.add-properties' to 'false' to disable
2026-05-18T09:12:48.360Z  INFO 713 --- [crud-operation-on-shopping-cart] [  restartedMain] .e.DevToolsPropertyDefaultsPostProcessor : For additional web related logging consider setting the 'logging.level.web' property to 'DEBUG'
2026-05-18T09:12:49.475Z  INFO 713 --- [crud-operation-on-shopping-cart] [  restartedMain] .s.d.r.c.RepositoryConfigurationDelegate : Bootstrapping Spring Data JPA repositories in DEFAULT mode.
2026-05-18T09:12:49.537Z  INFO 713 --- [crud-operation-on-shopping-cart] [  restartedMain] .s.d.r.c.RepositoryConfigurationDelegate : Finished Spring Data repository scanning in 54 ms. Found 1 JPA repository interface.
2026-05-18T09:12:50.293Z  INFO 713 --- [crud-operation-on-shopping-cart] [  restartedMain] o.s.b.w.embedded.tomcat.TomcatWebServer  : Tomcat initialized with port 8080 (http)
2026-05-18T09:12:50.312Z  INFO 713 --- [crud-operation-on-shopping-cart] [  restartedMain] o.apache.catalina.core.StandardService   : Starting service [Tomcat]
2026-05-18T09:12:50.312Z  INFO 713 --- [crud-operation-on-shopping-cart] [  restartedMain] o.apache.catalina.core.StandardEngine    : Starting Servlet engine: [Apache Tomcat/10.1.31]
2026-05-18T09:12:50.359Z  INFO 713 --- [crud-operation-on-shopping-cart] [  restartedMain] o.a.c.c.C.[Tomcat].[localhost].[/]       : Initializing Spring embedded WebApplicationContext
2026-05-18T09:12:50.360Z  INFO 713 --- [crud-operation-on-shopping-cart] [  restartedMain] w.s.c.ServletWebServerApplicationContext : Root WebApplicationContext: initialization completed in 1999 ms
2026-05-18T09:12:50.719Z  INFO 713 --- [crud-operation-on-shopping-cart] [  restartedMain] o.hibernate.jpa.internal.util.LogHelper  : HHH000204: Processing PersistenceUnitInfo [name: default]
2026-05-18T09:12:50.793Z  INFO 713 --- [crud-operation-on-shopping-cart] [  restartedMain] org.hibernate.Version                    : HHH000412: Hibernate ORM core version 6.5.3.Final
2026-05-18T09:12:50.829Z  INFO 713 --- [crud-operation-on-shopping-cart] [  restartedMain] o.h.c.internal.RegionFactoryInitiator    : HHH000026: Second-level cache disabled
2026-05-18T09:12:51.156Z  INFO 713 --- [crud-operation-on-shopping-cart] [  restartedMain] o.s.o.j.p.SpringPersistenceUnitInfo      : No LoadTimeWeaver setup: ignoring JPA class transformer
2026-05-18T09:12:51.185Z  INFO 713 --- [crud-operation-on-shopping-cart] [  restartedMain] com.zaxxer.hikari.HikariDataSource       : HikariPool-1 - Starting...
2026-05-18T09:12:51.545Z  INFO 713 --- [crud-operation-on-shopping-cart] [  restartedMain] com.zaxxer.hikari.pool.HikariPool        : HikariPool-1 - Added connection com.mysql.cj.jdbc.ConnectionImpl@2414cc33
2026-05-18T09:12:51.547Z  INFO 713 --- [crud-operation-on-shopping-cart] [  restartedMain] com.zaxxer.hikari.HikariDataSource       : HikariPool-1 - Start completed.
2026-05-18T09:12:52.496Z  INFO 713 --- [crud-operation-on-shopping-cart] [  restartedMain] o.h.e.t.j.p.i.JtaPlatformInitiator       : HHH000489: No JTA platform available (set 'hibernate.transaction.jta.platform' to enable JTA platform integration)
2026-05-18T09:12:52.540Z  INFO 713 --- [crud-operation-on-shopping-cart] [  restartedMain] j.LocalContainerEntityManagerFactoryBean : Initialized JPA EntityManagerFactory for persistence unit 'default'
2026-05-18T09:12:53.639Z  INFO 713 --- [crud-operation-on-shopping-cart] [  restartedMain] o.s.b.d.a.OptionalLiveReloadServer       : LiveReload server is running on port 35729
2026-05-18T09:12:53.651Z  INFO 713 --- [crud-operation-on-shopping-cart] [  restartedMain] o.s.b.a.e.web.EndpointLinksResolver      : Exposing 1 endpoint beneath base path '/actuator'
2026-05-18T09:12:53.725Z  INFO 713 --- [crud-operation-on-shopping-cart] [  restartedMain] o.s.b.w.embedded.tomcat.TomcatWebServer  : Tomcat started on port 8080 (http) with context path '/'
2026-05-18T09:12:53.740Z  INFO 713 --- [crud-operation-on-shopping-cart] [  restartedMain] c.e.crud.shopping.cart.Application       : Started Application in 6.051 seconds (process running for 6.613)
